// Jest Snapshot v1, https://goo.gl/fbAQLP

exports[`Attachments correct render 1`] = `
ShallowWrapper {
  Symbol(enzyme.__root__): [Circular],
  Symbol(enzyme.__unrendered__): <Attachments
    attachments={
      Array [
        Object {
          "type": "link",
          "url": "https://yandex.ru",
        },
        Object {
          "type": "image",
          "url": "https://avatars.mds.yandex.net/get-pdb/1816426/93eab951-b130-4cf9-98d6-01e250be5530/orig",
        },
      ]
    }
  />,
  Symbol(enzyme.__renderer__): Object {
    "batchedUpdates": [Function],
    "checkPropTypes": [Function],
    "getNode": [Function],
    "render": [Function],
    "simulateError": [Function],
    "simulateEvent": [Function],
    "unmount": [Function],
  },
  Symbol(enzyme.__node__): Object {
    "instance": null,
    "key": undefined,
    "nodeType": "function",
    "props": Object {
      "children": Array [
        <div
          className="sites"
        >
          <div
            className="site"
          >
            <ForwardRef />
            <a
              className="site__link"
              href="https://yandex.ru"
            >
              yandex.ru
            </a>
          </div>
        </div>,
        <div
          className="images"
        >
          <ForwardRef
            className="images__icon"
          />
          <div
            className="images__list"
          >
            <img
              alt="Прикрепленное изображение"
              className="image"
              src="https://avatars.mds.yandex.net/get-pdb/1816426/93eab951-b130-4cf9-98d6-01e250be5530/orig"
            />
          </div>
        </div>,
      ],
    },
    "ref": null,
    "rendered": Array [
      Object {
        "instance": null,
        "key": "0",
        "nodeType": "host",
        "props": Object {
          "children": Array [
            <div
              className="site"
            >
              <ForwardRef />
              <a
                className="site__link"
                href="https://yandex.ru"
              >
                yandex.ru
              </a>
            </div>,
          ],
          "className": "sites",
        },
        "ref": null,
        "rendered": Array [
          Object {
            "instance": null,
            "key": "0",
            "nodeType": "host",
            "props": Object {
              "children": Array [
                <ForwardRef />,
                <a
                  className="site__link"
                  href="https://yandex.ru"
                >
                  yandex.ru
                </a>,
              ],
              "className": "site",
            },
            "ref": null,
            "rendered": Array [
              Object {
                "instance": null,
                "key": undefined,
                "nodeType": "function",
                "props": Object {},
                "ref": null,
                "rendered": null,
                "type": Object {
                  "$$typeof": Symbol(react.forward_ref),
                  "render": [Function],
                },
              },
              Object {
                "instance": null,
                "key": undefined,
                "nodeType": "host",
                "props": Object {
                  "children": "yandex.ru",
                  "className": "site__link",
                  "href": "https://yandex.ru",
                },
                "ref": null,
                "rendered": "yandex.ru",
                "type": "a",
              },
            ],
            "type": "div",
          },
        ],
        "type": "div",
      },
      Object {
        "instance": null,
        "key": "1",
        "nodeType": "host",
        "props": Object {
          "children": Array [
            <ForwardRef
              className="images__icon"
            />,
            <div
              className="images__list"
            >
              <img
                alt="Прикрепленное изображение"
                className="image"
                src="https://avatars.mds.yandex.net/get-pdb/1816426/93eab951-b130-4cf9-98d6-01e250be5530/orig"
              />
            </div>,
          ],
          "className": "images",
        },
        "ref": null,
        "rendered": Array [
          Object {
            "instance": null,
            "key": undefined,
            "nodeType": "function",
            "props": Object {
              "className": "images__icon",
            },
            "ref": null,
            "rendered": null,
            "type": Object {
              "$$typeof": Symbol(react.forward_ref),
              "render": [Function],
            },
          },
          Object {
            "instance": null,
            "key": undefined,
            "nodeType": "host",
            "props": Object {
              "children": Array [
                <img
                  alt="Прикрепленное изображение"
                  className="image"
                  src="https://avatars.mds.yandex.net/get-pdb/1816426/93eab951-b130-4cf9-98d6-01e250be5530/orig"
                />,
              ],
              "className": "images__list",
            },
            "ref": null,
            "rendered": Array [
              Object {
                "instance": null,
                "key": "1",
                "nodeType": "host",
                "props": Object {
                  "alt": "Прикрепленное изображение",
                  "className": "image",
                  "src": "https://avatars.mds.yandex.net/get-pdb/1816426/93eab951-b130-4cf9-98d6-01e250be5530/orig",
                },
                "ref": null,
                "rendered": null,
                "type": "img",
              },
            ],
            "type": "div",
          },
        ],
        "type": "div",
      },
    ],
    "type": Symbol(react.fragment),
  },
  Symbol(enzyme.__nodes__): Array [
    Object {
      "instance": null,
      "key": undefined,
      "nodeType": "function",
      "props": Object {
        "children": Array [
          <div
            className="sites"
          >
            <div
              className="site"
            >
              <ForwardRef />
              <a
                className="site__link"
                href="https://yandex.ru"
              >
                yandex.ru
              </a>
            </div>
          </div>,
          <div
            className="images"
          >
            <ForwardRef
              className="images__icon"
            />
            <div
              className="images__list"
            >
              <img
                alt="Прикрепленное изображение"
                className="image"
                src="https://avatars.mds.yandex.net/get-pdb/1816426/93eab951-b130-4cf9-98d6-01e250be5530/orig"
              />
            </div>
          </div>,
        ],
      },
      "ref": null,
      "rendered": Array [
        Object {
          "instance": null,
          "key": "0",
          "nodeType": "host",
          "props": Object {
            "children": Array [
              <div
                className="site"
              >
                <ForwardRef />
                <a
                  className="site__link"
                  href="https://yandex.ru"
                >
                  yandex.ru
                </a>
              </div>,
            ],
            "className": "sites",
          },
          "ref": null,
          "rendered": Array [
            Object {
              "instance": null,
              "key": "0",
              "nodeType": "host",
              "props": Object {
                "children": Array [
                  <ForwardRef />,
                  <a
                    className="site__link"
                    href="https://yandex.ru"
                  >
                    yandex.ru
                  </a>,
                ],
                "className": "site",
              },
              "ref": null,
              "rendered": Array [
                Object {
                  "instance": null,
                  "key": undefined,
                  "nodeType": "function",
                  "props": Object {},
                  "ref": null,
                  "rendered": null,
                  "type": Object {
                    "$$typeof": Symbol(react.forward_ref),
                    "render": [Function],
                  },
                },
                Object {
                  "instance": null,
                  "key": undefined,
                  "nodeType": "host",
                  "props": Object {
                    "children": "yandex.ru",
                    "className": "site__link",
                    "href": "https://yandex.ru",
                  },
                  "ref": null,
                  "rendered": "yandex.ru",
                  "type": "a",
                },
              ],
              "type": "div",
            },
          ],
          "type": "div",
        },
        Object {
          "instance": null,
          "key": "1",
          "nodeType": "host",
          "props": Object {
            "children": Array [
              <ForwardRef
                className="images__icon"
              />,
              <div
                className="images__list"
              >
                <img
                  alt="Прикрепленное изображение"
                  className="image"
                  src="https://avatars.mds.yandex.net/get-pdb/1816426/93eab951-b130-4cf9-98d6-01e250be5530/orig"
                />
              </div>,
            ],
            "className": "images",
          },
          "ref": null,
          "rendered": Array [
            Object {
              "instance": null,
              "key": undefined,
              "nodeType": "function",
              "props": Object {
                "className": "images__icon",
              },
              "ref": null,
              "rendered": null,
              "type": Object {
                "$$typeof": Symbol(react.forward_ref),
                "render": [Function],
              },
            },
            Object {
              "instance": null,
              "key": undefined,
              "nodeType": "host",
              "props": Object {
                "children": Array [
                  <img
                    alt="Прикрепленное изображение"
                    className="image"
                    src="https://avatars.mds.yandex.net/get-pdb/1816426/93eab951-b130-4cf9-98d6-01e250be5530/orig"
                  />,
                ],
                "className": "images__list",
              },
              "ref": null,
              "rendered": Array [
                Object {
                  "instance": null,
                  "key": "1",
                  "nodeType": "host",
                  "props": Object {
                    "alt": "Прикрепленное изображение",
                    "className": "image",
                    "src": "https://avatars.mds.yandex.net/get-pdb/1816426/93eab951-b130-4cf9-98d6-01e250be5530/orig",
                  },
                  "ref": null,
                  "rendered": null,
                  "type": "img",
                },
              ],
              "type": "div",
            },
          ],
          "type": "div",
        },
      ],
      "type": Symbol(react.fragment),
    },
  ],
  Symbol(enzyme.__options__): Object {
    "adapter": ReactSixteenAdapter {
      "options": Object {
        "enableComponentDidUpdateOnSetState": true,
        "legacyContextMode": "parent",
        "lifecycles": Object {
          "componentDidUpdate": Object {
            "onSetState": true,
          },
          "getChildContext": Object {
            "calledByRenderer": false,
          },
          "getDerivedStateFromError": true,
          "getDerivedStateFromProps": Object {
            "hasShouldComponentUpdateBug": false,
          },
          "getSnapshotBeforeUpdate": true,
          "setState": Object {
            "skipsComponentDidUpdateOnNullish": true,
          },
        },
      },
    },
  },
}
`;
